error: unnecessary `unsafe` block
  --> $DIR/lint-unused-unsafe.rs:19:13
   |
LL | fn bad1() { unsafe {} }
   |             ^^^^^^ unnecessary `unsafe` block
   |
note: the lint level is defined here
  --> $DIR/lint-unused-unsafe.rs:7:9
   |
LL | #![deny(unused_unsafe)]
   |         ^^^^^^^^^^^^^

error: unnecessary `unsafe` block
  --> $DIR/lint-unused-unsafe.rs:20:13
   |
LL | fn bad2() { unsafe { bad1() } }
   |             ^^^^^^ unnecessary `unsafe` block

error: unnecessary `unsafe` block
  --> $DIR/lint-unused-unsafe.rs:21:20
   |
LL | unsafe fn bad3() { unsafe {} }
   |                    ^^^^^^ unnecessary `unsafe` block

error: unnecessary `unsafe` block
  --> $DIR/lint-unused-unsafe.rs:22:13
   |
LL | fn bad4() { unsafe { callback(||{}) } }
   |             ^^^^^^ unnecessary `unsafe` block

error: unnecessary `unsafe` block
  --> $DIR/lint-unused-unsafe.rs:23:20
   |
LL | unsafe fn bad5() { unsafe { unsf() } }
   | ----------------   ^^^^^^ unnecessary `unsafe` block
   | |
   | because it's nested under this `unsafe` fn

error: unnecessary `unsafe` block
  --> $DIR/lint-unused-unsafe.rs:25:5
   |
LL |     unsafe {
   |     ^^^^^^ unnecessary `unsafe` block

error: unnecessary `unsafe` block
  --> $DIR/lint-unused-unsafe.rs:32:5
   |
LL |     unsafe {
   |     ^^^^^^ unnecessary `unsafe` block

error: unnecessary `unsafe` block
  --> $DIR/lint-unused-unsafe.rs:33:9
   |
LL | unsafe fn bad7() {
   | ---------------- because it's nested under this `unsafe` fn
LL |     unsafe {
LL |         unsafe {
   |         ^^^^^^ unnecessary `unsafe` block

error: unnecessary `unsafe` block
  --> $DIR/lint-unused-unsafe.rs:67:9
   |
LL |         unsafe {
   |         ^^^^^^ unnecessary `unsafe` block

error: unnecessary `unsafe` block
  --> $DIR/lint-unused-unsafe.rs:76:9
   |
LL |         unsafe {
   |         ^^^^^^ unnecessary `unsafe` block

error: unnecessary `unsafe` block
  --> $DIR/lint-unused-unsafe.rs:77:13
   |
LL |             unsafe {}
   |             ^^^^^^ unnecessary `unsafe` block

error: unnecessary `unsafe` block
  --> $DIR/lint-unused-unsafe.rs:78:13
   |
LL |             unsafe {}
   |             ^^^^^^ unnecessary `unsafe` block

error: unnecessary `unsafe` block
  --> $DIR/lint-unused-unsafe.rs:83:9
   |
LL |         unsafe {
   |         ^^^^^^ unnecessary `unsafe` block

error: unnecessary `unsafe` block
  --> $DIR/lint-unused-unsafe.rs:93:13
   |
LL |         unsafe {
   |         ------ because it's nested under this `unsafe` block
LL |             unsf();
LL |             unsafe { unsf() }
   |             ^^^^^^ unnecessary `unsafe` block

error: unnecessary `unsafe` block
  --> $DIR/lint-unused-unsafe.rs:94:13
   |
LL |         unsafe {
   |         ------ because it's nested under this `unsafe` block
...
LL |             unsafe { unsf() }
   |             ^^^^^^ unnecessary `unsafe` block

error: unnecessary `unsafe` block
  --> $DIR/lint-unused-unsafe.rs:95:13
   |
LL |         unsafe {
   |         ------ because it's nested under this `unsafe` block
...
LL |             unsafe { unsf() }
   |             ^^^^^^ unnecessary `unsafe` block

error: unnecessary `unsafe` block
  --> $DIR/lint-unused-unsafe.rs:105:17
   |
LL |         unsafe {
   |         ------ because it's nested under this `unsafe` block
...
LL |                 unsafe { unsf() }
   |                 ^^^^^^ unnecessary `unsafe` block
   |
note: the lint level is defined here
  --> $DIR/lint-unused-unsafe.rs:103:20
   |
LL |             #[deny(unused_unsafe)]
   |                    ^^^^^^^^^^^^^

error: unnecessary `unsafe` block
  --> $DIR/lint-unused-unsafe.rs:106:17
   |
LL |         unsafe {
   |         ------ because it's nested under this `unsafe` block
...
LL |                 unsafe { unsf() }
   |                 ^^^^^^ unnecessary `unsafe` block

error: unnecessary `unsafe` block
  --> $DIR/lint-unused-unsafe.rs:107:17
   |
LL |         unsafe {
   |         ------ because it's nested under this `unsafe` block
...
LL |                 unsafe { unsf() }
   |                 ^^^^^^ unnecessary `unsafe` block

error: unnecessary `unsafe` block
  --> $DIR/lint-unused-unsafe.rs:117:9
   |
LL |         unsafe {
   |         ^^^^^^ unnecessary `unsafe` block

error: unnecessary `unsafe` block
  --> $DIR/lint-unused-unsafe.rs:127:9
   |
LL |         unsafe {
   |         ^^^^^^ unnecessary `unsafe` block

error: unnecessary `unsafe` block
  --> $DIR/lint-unused-unsafe.rs:128:13
   |
LL |             unsafe {}
   |             ^^^^^^ unnecessary `unsafe` block

error: unnecessary `unsafe` block
  --> $DIR/lint-unused-unsafe.rs:129:13
   |
LL |             unsafe {}
   |             ^^^^^^ unnecessary `unsafe` block

error: unnecessary `unsafe` block
  --> $DIR/lint-unused-unsafe.rs:135:9
   |
LL |         unsafe {
   |         ^^^^^^ unnecessary `unsafe` block

error: unnecessary `unsafe` block
  --> $DIR/lint-unused-unsafe.rs:146:13
   |
LL |         unsafe {
   |         ------ because it's nested under this `unsafe` block
LL |             unsf();
LL |             unsafe { unsf() }
   |             ^^^^^^ unnecessary `unsafe` block

error: unnecessary `unsafe` block
  --> $DIR/lint-unused-unsafe.rs:147:13
   |
LL |         unsafe {
   |         ------ because it's nested under this `unsafe` block
...
LL |             unsafe { unsf() }
   |             ^^^^^^ unnecessary `unsafe` block

error: unnecessary `unsafe` block
  --> $DIR/lint-unused-unsafe.rs:148:13
   |
LL |         unsafe {
   |         ------ because it's nested under this `unsafe` block
...
LL |             unsafe { unsf() }
   |             ^^^^^^ unnecessary `unsafe` block

error: unnecessary `unsafe` block
  --> $DIR/lint-unused-unsafe.rs:159:17
   |
LL |         unsafe {
   |         ------ because it's nested under this `unsafe` block
...
LL |                 unsafe { unsf() }
   |                 ^^^^^^ unnecessary `unsafe` block
   |
note: the lint level is defined here
  --> $DIR/lint-unused-unsafe.rs:157:20
   |
LL |             #[deny(unused_unsafe)]
   |                    ^^^^^^^^^^^^^

error: unnecessary `unsafe` block
  --> $DIR/lint-unused-unsafe.rs:160:17
   |
LL |         unsafe {
   |         ------ because it's nested under this `unsafe` block
...
LL |                 unsafe { unsf() }
   |                 ^^^^^^ unnecessary `unsafe` block

error: unnecessary `unsafe` block
  --> $DIR/lint-unused-unsafe.rs:161:17
   |
LL |         unsafe {
   |         ------ because it's nested under this `unsafe` block
...
LL |                 unsafe { unsf() }
   |                 ^^^^^^ unnecessary `unsafe` block

error: unnecessary `unsafe` block
  --> $DIR/lint-unused-unsafe.rs:171:9
   |
LL |         unsafe {
   |         ^^^^^^ unnecessary `unsafe` block

error: unnecessary `unsafe` block
  --> $DIR/lint-unused-unsafe.rs:181:9
   |
LL |         unsafe {
   |         ^^^^^^ unnecessary `unsafe` block

error: unnecessary `unsafe` block
  --> $DIR/lint-unused-unsafe.rs:182:13
   |
LL |             unsafe {}
   |             ^^^^^^ unnecessary `unsafe` block

error: unnecessary `unsafe` block
  --> $DIR/lint-unused-unsafe.rs:183:13
   |
LL |             unsafe {}
   |             ^^^^^^ unnecessary `unsafe` block

error: unnecessary `unsafe` block
  --> $DIR/lint-unused-unsafe.rs:189:9
   |
LL |         unsafe {
   |         ^^^^^^ unnecessary `unsafe` block

error: unnecessary `unsafe` block
  --> $DIR/lint-unused-unsafe.rs:190:13
   |
LL |     unsafe fn granularity_2() {
   |     ------------------------- because it's nested under this `unsafe` fn
LL |         unsafe {
LL |             unsafe { unsf() }
   |             ^^^^^^ unnecessary `unsafe` block

error: unnecessary `unsafe` block
  --> $DIR/lint-unused-unsafe.rs:191:13
   |
LL |     unsafe fn granularity_2() {
   |     ------------------------- because it's nested under this `unsafe` fn
...
LL |             unsafe { unsf() }
   |             ^^^^^^ unnecessary `unsafe` block

error: unnecessary `unsafe` block
  --> $DIR/lint-unused-unsafe.rs:192:13
   |
LL |     unsafe fn granularity_2() {
   |     ------------------------- because it's nested under this `unsafe` fn
...
LL |             unsafe { unsf() }
   |             ^^^^^^ unnecessary `unsafe` block

error: unnecessary `unsafe` block
  --> $DIR/lint-unused-unsafe.rs:198:9
   |
LL |     unsafe fn top_level_used_2() {
   |     ---------------------------- because it's nested under this `unsafe` fn
LL |         unsafe {
   |         ^^^^^^ unnecessary `unsafe` block

error: unnecessary `unsafe` block
  --> $DIR/lint-unused-unsafe.rs:200:13
   |
LL |     unsafe fn top_level_used_2() {
   |     ---------------------------- because it's nested under this `unsafe` fn
...
LL |             unsafe { unsf() }
   |             ^^^^^^ unnecessary `unsafe` block

error: unnecessary `unsafe` block
  --> $DIR/lint-unused-unsafe.rs:201:13
   |
LL |     unsafe fn top_level_used_2() {
   |     ---------------------------- because it's nested under this `unsafe` fn
...
LL |             unsafe { unsf() }
   |             ^^^^^^ unnecessary `unsafe` block

error: unnecessary `unsafe` block
  --> $DIR/lint-unused-unsafe.rs:202:13
   |
LL |     unsafe fn top_level_used_2() {
   |     ---------------------------- because it's nested under this `unsafe` fn
...
LL |             unsafe { unsf() }
   |             ^^^^^^ unnecessary `unsafe` block

error: unnecessary `unsafe` block
  --> $DIR/lint-unused-unsafe.rs:213:17
   |
LL |         unsafe {
   |         ------ because it's nested under this `unsafe` block
...
LL |                 unsafe { unsf() }
   |                 ^^^^^^ unnecessary `unsafe` block
   |
note: the lint level is defined here
  --> $DIR/lint-unused-unsafe.rs:211:20
   |
LL |             #[deny(unused_unsafe)]
   |                    ^^^^^^^^^^^^^

error: unnecessary `unsafe` block
  --> $DIR/lint-unused-unsafe.rs:214:17
   |
LL |         unsafe {
   |         ------ because it's nested under this `unsafe` block
...
LL |                 unsafe { unsf() }
   |                 ^^^^^^ unnecessary `unsafe` block

error: unnecessary `unsafe` block
  --> $DIR/lint-unused-unsafe.rs:215:17
   |
LL |         unsafe {
   |         ------ because it's nested under this `unsafe` block
...
LL |                 unsafe { unsf() }
   |                 ^^^^^^ unnecessary `unsafe` block

error: unnecessary `unsafe` block
  --> $DIR/lint-unused-unsafe.rs:235:9
   |
LL |         unsafe {
   |         ^^^^^^ unnecessary `unsafe` block

error: unnecessary `unsafe` block
  --> $DIR/lint-unused-unsafe.rs:247:9
   |
LL |     unsafe fn granular_disallow_op_in_unsafe_fn_3() {
   |     ----------------------------------------------- because it's nested under this `unsafe` fn
LL |         unsafe {
   |         ^^^^^^ unnecessary `unsafe` block

error: unnecessary `unsafe` block
  --> $DIR/lint-unused-unsafe.rs:261:13
   |
LL |         unsafe {
   |         ------ because it's nested under this `unsafe` block
LL |             unsafe {
   |             ^^^^^^ unnecessary `unsafe` block

error: unnecessary `unsafe` block
  --> $DIR/lint-unused-unsafe.rs:279:20
   |
LL |         let _ = || unsafe {
   |                    ^^^^^^ unnecessary `unsafe` block

error: unnecessary `unsafe` block
  --> $DIR/lint-unused-unsafe.rs:288:20
   |
LL |         let _ = || unsafe {
   |                    ^^^^^^ unnecessary `unsafe` block

error: unnecessary `unsafe` block
  --> $DIR/lint-unused-unsafe.rs:289:24
   |
LL |             let _ = || unsafe {};
   |                        ^^^^^^ unnecessary `unsafe` block

error: unnecessary `unsafe` block
  --> $DIR/lint-unused-unsafe.rs:290:24
   |
LL |             let _ = || unsafe {};
   |                        ^^^^^^ unnecessary `unsafe` block

error: unnecessary `unsafe` block
  --> $DIR/lint-unused-unsafe.rs:295:20
   |
LL |         let _ = || unsafe {
   |                    ^^^^^^ unnecessary `unsafe` block

error: unnecessary `unsafe` block
  --> $DIR/lint-unused-unsafe.rs:305:24
   |
LL |         let _ = || unsafe {
   |                    ------ because it's nested under this `unsafe` block
LL |             unsf();
LL |             let _ = || unsafe { unsf() };
   |                        ^^^^^^ unnecessary `unsafe` block

error: unnecessary `unsafe` block
  --> $DIR/lint-unused-unsafe.rs:306:24
   |
LL |         let _ = || unsafe {
   |                    ------ because it's nested under this `unsafe` block
...
LL |             let _ = || unsafe { unsf() };
   |                        ^^^^^^ unnecessary `unsafe` block

error: unnecessary `unsafe` block
  --> $DIR/lint-unused-unsafe.rs:307:24
   |
LL |         let _ = || unsafe {
   |                    ------ because it's nested under this `unsafe` block
...
LL |             let _ = || unsafe { unsf() };
   |                        ^^^^^^ unnecessary `unsafe` block

error: unnecessary `unsafe` block
  --> $DIR/lint-unused-unsafe.rs:317:28
   |
LL |         let _ = || unsafe {
   |                    ------ because it's nested under this `unsafe` block
...
LL |                 let _ = || unsafe { unsf() };
   |                            ^^^^^^ unnecessary `unsafe` block
   |
note: the lint level is defined here
  --> $DIR/lint-unused-unsafe.rs:315:20
   |
LL |             #[deny(unused_unsafe)]
   |                    ^^^^^^^^^^^^^

error: unnecessary `unsafe` block
  --> $DIR/lint-unused-unsafe.rs:318:28
   |
LL |         let _ = || unsafe {
   |                    ------ because it's nested under this `unsafe` block
...
LL |                 let _ = || unsafe { unsf() };
   |                            ^^^^^^ unnecessary `unsafe` block

error: unnecessary `unsafe` block
  --> $DIR/lint-unused-unsafe.rs:319:28
   |
LL |         let _ = || unsafe {
   |                    ------ because it's nested under this `unsafe` block
...
LL |                 let _ = || unsafe { unsf() };
   |                            ^^^^^^ unnecessary `unsafe` block

error: unnecessary `unsafe` block
  --> $DIR/lint-unused-unsafe.rs:329:20
   |
LL |         let _ = || unsafe {
   |                    ^^^^^^ unnecessary `unsafe` block

error: unnecessary `unsafe` block
  --> $DIR/lint-unused-unsafe.rs:339:20
   |
LL |         let _ = || unsafe {
   |                    ^^^^^^ unnecessary `unsafe` block

error: unnecessary `unsafe` block
  --> $DIR/lint-unused-unsafe.rs:340:24
   |
LL |             let _ = || unsafe {};
   |                        ^^^^^^ unnecessary `unsafe` block

error: unnecessary `unsafe` block
  --> $DIR/lint-unused-unsafe.rs:341:24
   |
LL |             let _ = || unsafe {};
   |                        ^^^^^^ unnecessary `unsafe` block

error: unnecessary `unsafe` block
  --> $DIR/lint-unused-unsafe.rs:347:20
   |
LL |         let _ = || unsafe {
   |                    ^^^^^^ unnecessary `unsafe` block

error: unnecessary `unsafe` block
  --> $DIR/lint-unused-unsafe.rs:358:24
   |
LL |         let _ = || unsafe {
   |                    ------ because it's nested under this `unsafe` block
LL |             unsf();
LL |             let _ = || unsafe { unsf() };
   |                        ^^^^^^ unnecessary `unsafe` block

error: unnecessary `unsafe` block
  --> $DIR/lint-unused-unsafe.rs:359:24
   |
LL |         let _ = || unsafe {
   |                    ------ because it's nested under this `unsafe` block
...
LL |             let _ = || unsafe { unsf() };
   |                        ^^^^^^ unnecessary `unsafe` block

error: unnecessary `unsafe` block
  --> $DIR/lint-unused-unsafe.rs:360:24
   |
LL |         let _ = || unsafe {
   |                    ------ because it's nested under this `unsafe` block
...
LL |             let _ = || unsafe { unsf() };
   |                        ^^^^^^ unnecessary `unsafe` block

error: unnecessary `unsafe` block
  --> $DIR/lint-unused-unsafe.rs:371:28
   |
LL |         let _ = || unsafe {
   |                    ------ because it's nested under this `unsafe` block
...
LL |                 let _ = || unsafe { unsf() };
   |                            ^^^^^^ unnecessary `unsafe` block
   |
note: the lint level is defined here
  --> $DIR/lint-unused-unsafe.rs:369:20
   |
LL |             #[deny(unused_unsafe)]
   |                    ^^^^^^^^^^^^^

error: unnecessary `unsafe` block
  --> $DIR/lint-unused-unsafe.rs:372:28
   |
LL |         let _ = || unsafe {
   |                    ------ because it's nested under this `unsafe` block
...
LL |                 let _ = || unsafe { unsf() };
   |                            ^^^^^^ unnecessary `unsafe` block

error: unnecessary `unsafe` block
  --> $DIR/lint-unused-unsafe.rs:373:28
   |
LL |         let _ = || unsafe {
   |                    ------ because it's nested under this `unsafe` block
...
LL |                 let _ = || unsafe { unsf() };
   |                            ^^^^^^ unnecessary `unsafe` block

error: unnecessary `unsafe` block
  --> $DIR/lint-unused-unsafe.rs:383:20
   |
LL |         let _ = || unsafe {
   |                    ^^^^^^ unnecessary `unsafe` block

error: unnecessary `unsafe` block
  --> $DIR/lint-unused-unsafe.rs:393:20
   |
LL |         let _ = || unsafe {
   |                    ^^^^^^ unnecessary `unsafe` block

error: unnecessary `unsafe` block
  --> $DIR/lint-unused-unsafe.rs:394:24
   |
LL |             let _ = || unsafe {};
   |                        ^^^^^^ unnecessary `unsafe` block

error: unnecessary `unsafe` block
  --> $DIR/lint-unused-unsafe.rs:395:24
   |
LL |             let _ = || unsafe {};
   |                        ^^^^^^ unnecessary `unsafe` block

error: unnecessary `unsafe` block
  --> $DIR/lint-unused-unsafe.rs:401:20
   |
LL |         let _ = || unsafe {
   |                    ^^^^^^ unnecessary `unsafe` block

error: unnecessary `unsafe` block
  --> $DIR/lint-unused-unsafe.rs:402:24
   |
LL |     unsafe fn granularity_2() {
   |     ------------------------- because it's nested under this `unsafe` fn
LL |         let _ = || unsafe {
LL |             let _ = || unsafe { unsf() };
   |                        ^^^^^^ unnecessary `unsafe` block

error: unnecessary `unsafe` block
  --> $DIR/lint-unused-unsafe.rs:403:24
   |
LL |     unsafe fn granularity_2() {
   |     ------------------------- because it's nested under this `unsafe` fn
...
LL |             let _ = || unsafe { unsf() };
   |                        ^^^^^^ unnecessary `unsafe` block

error: unnecessary `unsafe` block
  --> $DIR/lint-unused-unsafe.rs:404:24
   |
LL |     unsafe fn granularity_2() {
   |     ------------------------- because it's nested under this `unsafe` fn
...
LL |             let _ = || unsafe { unsf() };
   |                        ^^^^^^ unnecessary `unsafe` block

error: unnecessary `unsafe` block
  --> $DIR/lint-unused-unsafe.rs:410:20
   |
LL |     unsafe fn top_level_used_2() {
   |     ---------------------------- because it's nested under this `unsafe` fn
LL |         let _ = || unsafe {
   |                    ^^^^^^ unnecessary `unsafe` block

error: unnecessary `unsafe` block
  --> $DIR/lint-unused-unsafe.rs:412:24
   |
LL |     unsafe fn top_level_used_2() {
   |     ---------------------------- because it's nested under this `unsafe` fn
...
LL |             let _ = || unsafe { unsf() };
   |                        ^^^^^^ unnecessary `unsafe` block

error: unnecessary `unsafe` block
  --> $DIR/lint-unused-unsafe.rs:413:24
   |
LL |     unsafe fn top_level_used_2() {
   |     ---------------------------- because it's nested under this `unsafe` fn
...
LL |             let _ = || unsafe { unsf() };
   |                        ^^^^^^ unnecessary `unsafe` block

error: unnecessary `unsafe` block
  --> $DIR/lint-unused-unsafe.rs:414:24
   |
LL |     unsafe fn top_level_used_2() {
   |     ---------------------------- because it's nested under this `unsafe` fn
...
LL |             let _ = || unsafe { unsf() };
   |                        ^^^^^^ unnecessary `unsafe` block

error: unnecessary `unsafe` block
  --> $DIR/lint-unused-unsafe.rs:425:28
   |
LL |         let _ = || unsafe {
   |                    ------ because it's nested under this `unsafe` block
...
LL |                 let _ = || unsafe { unsf() };
   |                            ^^^^^^ unnecessary `unsafe` block
   |
note: the lint level is defined here
  --> $DIR/lint-unused-unsafe.rs:423:20
   |
LL |             #[deny(unused_unsafe)]
   |                    ^^^^^^^^^^^^^

error: unnecessary `unsafe` block
  --> $DIR/lint-unused-unsafe.rs:426:28
   |
LL |         let _ = || unsafe {
   |                    ------ because it's nested under this `unsafe` block
...
LL |                 let _ = || unsafe { unsf() };
   |                            ^^^^^^ unnecessary `unsafe` block

error: unnecessary `unsafe` block
  --> $DIR/lint-unused-unsafe.rs:427:28
   |
LL |         let _ = || unsafe {
   |                    ------ because it's nested under this `unsafe` block
...
LL |                 let _ = || unsafe { unsf() };
   |                            ^^^^^^ unnecessary `unsafe` block

error: unnecessary `unsafe` block
  --> $DIR/lint-unused-unsafe.rs:447:20
   |
LL |         let _ = || unsafe {
   |                    ^^^^^^ unnecessary `unsafe` block

error: unnecessary `unsafe` block
  --> $DIR/lint-unused-unsafe.rs:459:20
   |
LL |     unsafe fn granular_disallow_op_in_unsafe_fn_3() {
   |     ----------------------------------------------- because it's nested under this `unsafe` fn
LL |         let _ = || unsafe {
   |                    ^^^^^^ unnecessary `unsafe` block

error: unnecessary `unsafe` block
  --> $DIR/lint-unused-unsafe.rs:473:24
   |
LL |         let _ = || unsafe {
   |                    ------ because it's nested under this `unsafe` block
LL |             let _ = || unsafe {
   |                        ^^^^^^ unnecessary `unsafe` block

error: unnecessary `unsafe` block
  --> $DIR/lint-unused-unsafe.rs:492:20
   |
LL |         let _ = || unsafe {
   |                    ^^^^^^ unnecessary `unsafe` block

error: unnecessary `unsafe` block
  --> $DIR/lint-unused-unsafe.rs:501:20
   |
LL |         let _ = || unsafe {
   |                    ^^^^^^ unnecessary `unsafe` block

error: unnecessary `unsafe` block
  --> $DIR/lint-unused-unsafe.rs:502:24
   |
LL |             let _ = || unsafe {};
   |                        ^^^^^^ unnecessary `unsafe` block

error: unnecessary `unsafe` block
  --> $DIR/lint-unused-unsafe.rs:503:24
   |
LL |             let _ = || unsafe {};
   |                        ^^^^^^ unnecessary `unsafe` block

error: unnecessary `unsafe` block
  --> $DIR/lint-unused-unsafe.rs:508:20
   |
LL |         let _ = || unsafe {
   |                    ^^^^^^ unnecessary `unsafe` block

error: unnecessary `unsafe` block
  --> $DIR/lint-unused-unsafe.rs:518:24
   |
LL |         let _ = || unsafe {
   |                    ------ because it's nested under this `unsafe` block
LL |             let _ = || unsf();
LL |             let _ = || unsafe { let _ = || unsf(); };
   |                        ^^^^^^ unnecessary `unsafe` block

error: unnecessary `unsafe` block
  --> $DIR/lint-unused-unsafe.rs:519:24
   |
LL |         let _ = || unsafe {
   |                    ------ because it's nested under this `unsafe` block
...
LL |             let _ = || unsafe { let _ = || unsf(); };
   |                        ^^^^^^ unnecessary `unsafe` block

error: unnecessary `unsafe` block
  --> $DIR/lint-unused-unsafe.rs:520:24
   |
LL |         let _ = || unsafe {
   |                    ------ because it's nested under this `unsafe` block
...
LL |             let _ = || unsafe { let _ = || unsf(); };
   |                        ^^^^^^ unnecessary `unsafe` block

error: unnecessary `unsafe` block
  --> $DIR/lint-unused-unsafe.rs:530:28
   |
LL |         let _ = || unsafe {
   |                    ------ because it's nested under this `unsafe` block
...
LL |                 let _ = || unsafe { let _ = || unsf(); };
   |                            ^^^^^^ unnecessary `unsafe` block
   |
note: the lint level is defined here
  --> $DIR/lint-unused-unsafe.rs:528:20
   |
LL |             #[deny(unused_unsafe)]
   |                    ^^^^^^^^^^^^^

error: unnecessary `unsafe` block
  --> $DIR/lint-unused-unsafe.rs:531:28
   |
LL |         let _ = || unsafe {
   |                    ------ because it's nested under this `unsafe` block
...
LL |                 let _ = || unsafe { let _ = || unsf(); };
   |                            ^^^^^^ unnecessary `unsafe` block

error: unnecessary `unsafe` block
  --> $DIR/lint-unused-unsafe.rs:532:28
   |
LL |         let _ = || unsafe {
   |                    ------ because it's nested under this `unsafe` block
...
LL |                 let _ = || unsafe { let _ = || unsf(); };
   |                            ^^^^^^ unnecessary `unsafe` block

error: unnecessary `unsafe` block
  --> $DIR/lint-unused-unsafe.rs:542:20
   |
LL |         let _ = || unsafe {
   |                    ^^^^^^ unnecessary `unsafe` block

error: unnecessary `unsafe` block
  --> $DIR/lint-unused-unsafe.rs:552:20
   |
LL |         let _ = || unsafe {
   |                    ^^^^^^ unnecessary `unsafe` block

error: unnecessary `unsafe` block
  --> $DIR/lint-unused-unsafe.rs:553:24
   |
LL |             let _ = || unsafe {};
   |                        ^^^^^^ unnecessary `unsafe` block

error: unnecessary `unsafe` block
  --> $DIR/lint-unused-unsafe.rs:554:24
   |
LL |             let _ = || unsafe {};
   |                        ^^^^^^ unnecessary `unsafe` block

error: unnecessary `unsafe` block
  --> $DIR/lint-unused-unsafe.rs:560:20
   |
LL |         let _ = || unsafe {
   |                    ^^^^^^ unnecessary `unsafe` block

error: unnecessary `unsafe` block
  --> $DIR/lint-unused-unsafe.rs:571:24
   |
LL |         let _ = || unsafe {
   |                    ------ because it's nested under this `unsafe` block
LL |             let _ = || unsf();
LL |             let _ = || unsafe { let _ = || unsf(); };
   |                        ^^^^^^ unnecessary `unsafe` block

error: unnecessary `unsafe` block
  --> $DIR/lint-unused-unsafe.rs:572:24
   |
LL |         let _ = || unsafe {
   |                    ------ because it's nested under this `unsafe` block
...
LL |             let _ = || unsafe { let _ = || unsf(); };
   |                        ^^^^^^ unnecessary `unsafe` block

error: unnecessary `unsafe` block
  --> $DIR/lint-unused-unsafe.rs:573:24
   |
LL |         let _ = || unsafe {
   |                    ------ because it's nested under this `unsafe` block
...
LL |             let _ = || unsafe { let _ = || unsf(); };
   |                        ^^^^^^ unnecessary `unsafe` block

error: unnecessary `unsafe` block
  --> $DIR/lint-unused-unsafe.rs:584:28
   |
LL |         let _ = || unsafe {
   |                    ------ because it's nested under this `unsafe` block
...
LL |                 let _ = || unsafe { let _ = || unsf(); };
   |                            ^^^^^^ unnecessary `unsafe` block
   |
note: the lint level is defined here
  --> $DIR/lint-unused-unsafe.rs:582:20
   |
LL |             #[deny(unused_unsafe)]
   |                    ^^^^^^^^^^^^^

error: unnecessary `unsafe` block
  --> $DIR/lint-unused-unsafe.rs:585:28
   |
LL |         let _ = || unsafe {
   |                    ------ because it's nested under this `unsafe` block
...
LL |                 let _ = || unsafe { let _ = || unsf(); };
   |                            ^^^^^^ unnecessary `unsafe` block

error: unnecessary `unsafe` block
  --> $DIR/lint-unused-unsafe.rs:586:28
   |
LL |         let _ = || unsafe {
   |                    ------ because it's nested under this `unsafe` block
...
LL |                 let _ = || unsafe { let _ = || unsf(); };
   |                            ^^^^^^ unnecessary `unsafe` block

error: unnecessary `unsafe` block
  --> $DIR/lint-unused-unsafe.rs:596:20
   |
LL |         let _ = || unsafe {
   |                    ^^^^^^ unnecessary `unsafe` block

error: unnecessary `unsafe` block
  --> $DIR/lint-unused-unsafe.rs:606:20
   |
LL |         let _ = || unsafe {
   |                    ^^^^^^ unnecessary `unsafe` block

error: unnecessary `unsafe` block
  --> $DIR/lint-unused-unsafe.rs:607:24
   |
LL |             let _ = || unsafe {};
   |                        ^^^^^^ unnecessary `unsafe` block

error: unnecessary `unsafe` block
  --> $DIR/lint-unused-unsafe.rs:608:24
   |
LL |             let _ = || unsafe {};
   |                        ^^^^^^ unnecessary `unsafe` block

error: unnecessary `unsafe` block
  --> $DIR/lint-unused-unsafe.rs:614:20
   |
LL |         let _ = || unsafe {
   |                    ^^^^^^ unnecessary `unsafe` block

error: unnecessary `unsafe` block
  --> $DIR/lint-unused-unsafe.rs:615:24
   |
LL |     unsafe fn granularity_2() {
   |     ------------------------- because it's nested under this `unsafe` fn
LL |         let _ = || unsafe {
LL |             let _ = || unsafe { let _ = || unsf(); };
   |                        ^^^^^^ unnecessary `unsafe` block

error: unnecessary `unsafe` block
  --> $DIR/lint-unused-unsafe.rs:616:24
   |
LL |     unsafe fn granularity_2() {
   |     ------------------------- because it's nested under this `unsafe` fn
...
LL |             let _ = || unsafe { let _ = || unsf(); };
   |                        ^^^^^^ unnecessary `unsafe` block

error: unnecessary `unsafe` block
  --> $DIR/lint-unused-unsafe.rs:617:24
   |
LL |     unsafe fn granularity_2() {
   |     ------------------------- because it's nested under this `unsafe` fn
...
LL |             let _ = || unsafe { let _ = || unsf(); };
   |                        ^^^^^^ unnecessary `unsafe` block

error: unnecessary `unsafe` block
  --> $DIR/lint-unused-unsafe.rs:623:20
   |
LL |     unsafe fn top_level_used_2() {
   |     ---------------------------- because it's nested under this `unsafe` fn
LL |         let _ = || unsafe {
   |                    ^^^^^^ unnecessary `unsafe` block

error: unnecessary `unsafe` block
  --> $DIR/lint-unused-unsafe.rs:625:24
   |
LL |     unsafe fn top_level_used_2() {
   |     ---------------------------- because it's nested under this `unsafe` fn
...
LL |             let _ = || unsafe { let _ = || unsf(); };
   |                        ^^^^^^ unnecessary `unsafe` block

error: unnecessary `unsafe` block
  --> $DIR/lint-unused-unsafe.rs:626:24
   |
LL |     unsafe fn top_level_used_2() {
   |     ---------------------------- because it's nested under this `unsafe` fn
...
LL |             let _ = || unsafe { let _ = || unsf(); };
   |                        ^^^^^^ unnecessary `unsafe` block

error: unnecessary `unsafe` block
  --> $DIR/lint-unused-unsafe.rs:627:24
   |
LL |     unsafe fn top_level_used_2() {
   |     ---------------------------- because it's nested under this `unsafe` fn
...
LL |             let _ = || unsafe { let _ = || unsf(); };
   |                        ^^^^^^ unnecessary `unsafe` block

error: unnecessary `unsafe` block
  --> $DIR/lint-unused-unsafe.rs:638:28
   |
LL |         let _ = || unsafe {
   |                    ------ because it's nested under this `unsafe` block
...
LL |                 let _ = || unsafe { let _ = || unsf(); };
   |                            ^^^^^^ unnecessary `unsafe` block
   |
note: the lint level is defined here
  --> $DIR/lint-unused-unsafe.rs:636:20
   |
LL |             #[deny(unused_unsafe)]
   |                    ^^^^^^^^^^^^^

error: unnecessary `unsafe` block
  --> $DIR/lint-unused-unsafe.rs:639:28
   |
LL |         let _ = || unsafe {
   |                    ------ because it's nested under this `unsafe` block
...
LL |                 let _ = || unsafe { let _ = || unsf(); };
   |                            ^^^^^^ unnecessary `unsafe` block

error: unnecessary `unsafe` block
  --> $DIR/lint-unused-unsafe.rs:640:28
   |
LL |         let _ = || unsafe {
   |                    ------ because it's nested under this `unsafe` block
...
LL |                 let _ = || unsafe { let _ = || unsf(); };
   |                            ^^^^^^ unnecessary `unsafe` block

error: unnecessary `unsafe` block
  --> $DIR/lint-unused-unsafe.rs:660:20
   |
LL |         let _ = || unsafe {
   |                    ^^^^^^ unnecessary `unsafe` block

error: unnecessary `unsafe` block
  --> $DIR/lint-unused-unsafe.rs:672:20
   |
LL |     unsafe fn granular_disallow_op_in_unsafe_fn_3() {
   |     ----------------------------------------------- because it's nested under this `unsafe` fn
LL |         let _ = || unsafe {
   |                    ^^^^^^ unnecessary `unsafe` block

error: unnecessary `unsafe` block
  --> $DIR/lint-unused-unsafe.rs:686:24
   |
LL |         let _ = || unsafe {
   |                    ------ because it's nested under this `unsafe` block
LL |             let _ = || unsafe {
   |                        ^^^^^^ unnecessary `unsafe` block

error: unnecessary `unsafe` block
  --> $DIR/lint-unused-unsafe.rs:717:29
   |
LL |             let _ = async { unsafe {
   |                             ^^^^^^ unnecessary `unsafe` block

error: unnecessary `unsafe` block
  --> $DIR/lint-unused-unsafe.rs:724:33
   |
LL |             let _ = async { unsafe {
   |                             ------ because it's nested under this `unsafe` block
LL |                 let _ = async { unsf() };
LL |                 let _ = async { unsafe { let _ = async { unsf() }; }};
   |                                 ^^^^^^ unnecessary `unsafe` block

error: unnecessary `unsafe` block
  --> $DIR/lint-unused-unsafe.rs:725:33
   |
LL |             let _ = async { unsafe {
   |                             ------ because it's nested under this `unsafe` block
...
LL |                 let _ = async { unsafe { let _ = async { unsf() }; }};
   |                                 ^^^^^^ unnecessary `unsafe` block

error: unnecessary `unsafe` block
  --> $DIR/lint-unused-unsafe.rs:726:33
   |
LL |             let _ = async { unsafe {
   |                             ------ because it's nested under this `unsafe` block
...
LL |                 let _ = async { unsafe { let _ = async { unsf() }; }};
   |                                 ^^^^^^ unnecessary `unsafe` block

error: unnecessary `unsafe` block
  --> $DIR/lint-unused-unsafe.rs:731:29
   |
LL |             let _ = async { unsafe {
   |                             ^^^^^^ unnecessary `unsafe` block

error: unnecessary `unsafe` block
  --> $DIR/lint-unused-unsafe.rs:732:33
   |
LL |     async unsafe fn async_blocks() {
   |     ------------------------------ because it's nested under this `unsafe` fn
...
LL |                 let _ = async { unsafe { let _ = async { unsf() }; }};
   |                                 ^^^^^^ unnecessary `unsafe` block

error: unnecessary `unsafe` block
  --> $DIR/lint-unused-unsafe.rs:733:33
   |
LL |     async unsafe fn async_blocks() {
   |     ------------------------------ because it's nested under this `unsafe` fn
...
LL |                 let _ = async { unsafe { let _ = async { unsf() }; }};
   |                                 ^^^^^^ unnecessary `unsafe` block

error: unnecessary `unsafe` block
  --> $DIR/lint-unused-unsafe.rs:734:33
   |
LL |     async unsafe fn async_blocks() {
   |     ------------------------------ because it's nested under this `unsafe` fn
...
LL |                 let _ = async { unsafe { let _ = async { unsf() }; }};
   |                                 ^^^^^^ unnecessary `unsafe` block

error: unnecessary `unsafe` block
  --> $DIR/lint-unused-unsafe.rs:736:29
   |
LL |     async unsafe fn async_blocks() {
   |     ------------------------------ because it's nested under this `unsafe` fn
...
LL |             let _ = async { unsafe {
   |                             ^^^^^^ unnecessary `unsafe` block

error: unnecessary `unsafe` block
  --> $DIR/lint-unused-unsafe.rs:738:33
   |
LL |     async unsafe fn async_blocks() {
   |     ------------------------------ because it's nested under this `unsafe` fn
...
LL |                 let _ = async { unsafe { let _ = async { unsf() }; }};
   |                                 ^^^^^^ unnecessary `unsafe` block

error: unnecessary `unsafe` block
  --> $DIR/lint-unused-unsafe.rs:739:33
   |
LL |     async unsafe fn async_blocks() {
   |     ------------------------------ because it's nested under this `unsafe` fn
...
LL |                 let _ = async { unsafe { let _ = async { unsf() }; }};
   |                                 ^^^^^^ unnecessary `unsafe` block

error: unnecessary `unsafe` block
  --> $DIR/lint-unused-unsafe.rs:740:33
   |
LL |     async unsafe fn async_blocks() {
   |     ------------------------------ because it's nested under this `unsafe` fn
...
LL |                 let _ = async { unsafe { let _ = async { unsf() }; }};
   |                                 ^^^^^^ unnecessary `unsafe` block

error: aborting due to 140 previous errors

